[INFO] Scanning for projects...
[INFO] 
[INFO] ---------< in.co.customer.feedback.sys:StudentFeedbackSystem >----------
[INFO] Building StudentFeedbackSystem Maven Webapp 0.0.1-SNAPSHOT
[INFO]   from pom.xml
[INFO] --------------------------------[ war ]---------------------------------
[INFO] 
[INFO] --- clean:3.2.0:clean (default-clean) @ StudentFeedbackSystem ---
[INFO] Deleting D:\StudentFeedbackSystem\StudentFeedBackSystem\StudentFeedbackSystem\target
[INFO] 
[INFO] --- resources:3.3.1:resources (default-resources) @ StudentFeedbackSystem ---
[WARNING] Using platform encoding (UTF-8 actually) to copy filtered resources, i.e. build is platform dependent!
[INFO] Copying 2 resources from src\main\resources to target\classes
[INFO] 
[INFO] --- compiler:3.13.0:compile (default-compile) @ StudentFeedbackSystem ---
[INFO] Recompiling the module because of changed source code.
[WARNING] File encoding has not been set, using platform encoding UTF-8, i.e. build is platform dependent!
[INFO] Compiling 67 source files with javac [debug target 17] to target\classes
[WARNING] system modules path not set in conjunction with -source 17
[INFO] /D:/StudentFeedbackSystem/StudentFeedBackSystem/StudentFeedbackSystem/src/main/java/in/co/customer/feedback/sys/util/HTMLUtility.java: D:\StudentFeedbackSystem\StudentFeedBackSystem\StudentFeedbackSystem\src\main\java\in\co\customer\feedback\sys\util\HTMLUtility.java uses unchecked or unsafe operations.
[INFO] /D:/StudentFeedbackSystem/StudentFeedBackSystem/StudentFeedbackSystem/src/main/java/in/co/customer/feedback/sys/util/HTMLUtility.java: Recompile with -Xlint:unchecked for details.
[INFO] 
[INFO] --- resources:3.3.1:testResources (default-testResources) @ StudentFeedbackSystem ---
[WARNING] Using platform encoding (UTF-8 actually) to copy filtered resources, i.e. build is platform dependent!
[INFO] skip non existing resourceDirectory D:\StudentFeedbackSystem\StudentFeedBackSystem\StudentFeedbackSystem\src\test\resources
[INFO] 
[INFO] --- compiler:3.13.0:testCompile (default-testCompile) @ StudentFeedbackSystem ---
[INFO] Recompiling the module because of changed dependency.
[WARNING] File encoding has not been set, using platform encoding UTF-8, i.e. build is platform dependent!
[INFO] 
[INFO] --- surefire:3.2.5:test (default-test) @ StudentFeedbackSystem ---
[INFO] Tests are skipped.
[INFO] 
[INFO] --- war:3.4.0:war (default-war) @ StudentFeedbackSystem ---
[INFO] Packaging webapp
[INFO] Assembling webapp [StudentFeedbackSystem] in [D:\StudentFeedbackSystem\StudentFeedBackSystem\StudentFeedbackSystem\target\StudentFeedbackSystem]
[INFO] Processing war project
[INFO] Copying webapp resources [D:\StudentFeedbackSystem\StudentFeedBackSystem\StudentFeedbackSystem\src\main\webapp]
[INFO] Building war: D:\StudentFeedbackSystem\StudentFeedBackSystem\StudentFeedbackSystem\target\StudentFeedbackSystem.war
[INFO] ------------------------------------------------------------------------
[INFO] BUILD SUCCESS
[INFO] ------------------------------------------------------------------------
[INFO] Total time:  4.599 s
[INFO] Finished at: 2026-03-02T20:54:57+05:30
[INFO] ------------------------------------------------------------------------
